﻿
> vite_react_shadcn_ts@0.0.0 build
> vite build

[36mvite v5.4.19 [32mbuilding for production...[36m[39m
transforming...
node.exe : Browserslist: 
browsers data 
(caniuse-lite) is 8 
months old. Please run:
At line:1 char:1
+ & "C:\Program 
Files\nodejs/node.exe" 
"C:\Program 
Files\nodejs/node_mo ...
+ ~~~~~~~~~~~~~~~~~~~~~~~~
~~~~~~~~~~~~~~~~~~~~~~~~~~
~~~~~~~~~~~~~~~~~~~
    + CategoryInfo        
      : NotSpecified: (B  
  rowserslist: b...ld.    
 Please run::String) [    
], RemoteException
    + FullyQualifiedError 
   Id : NativeCommandErr  
  or
 
  npx update-browserslist-
db@latest
  Why you should do it 
regularly: https://github.
com/browserslist/update-db
#readme
[32mΓ£ô[39m 4 modules transformed.
[31mx[39m Build failed 
in 37.81s
[31merror during build:
[31m[vite:css] [postcss] 
E:/playmate/playmate-turf-
main/src/index.css:88:5: 
The `hover:shadow-[0_8px_3
2px_rgba(34,` class does 
not exist. If `hover:shado
w-[0_8px_32px_rgba(34,` 
is a custom class, make 
sure it is defined within 
a `@layer` directive.[31m
file: [36mE:/playmate/pla
ymate-turf-main/src/index.
css:88:4[31m
    at Input.error (E:\pla
ymate\playmate-turf-main\n
ode_modules\postcss\lib\in
put.js:135:16)
    at AtRule.error (E:\pl
aymate\playmate-turf-main\
node_modules\postcss\lib\n
ode.js:146:32)
    at processApply (E:\pl
aymate\playmate-turf-main\
node_modules\tailwindcss\l
ib\lib\expandApplyAtRules.
js:380:29)
    at E:\playmate\playmat
e-turf-main\node_modules\t
ailwindcss\lib\lib\expandA
pplyAtRules.js:551:9
    at E:\playmate\playmat
e-turf-main\node_modules\t
ailwindcss\lib\processTail
windFeatures.js:55:50
    at async plugins (E:\p
laymate\playmate-turf-main
\node_modules\tailwindcss\
lib\plugin.js:38:17)
    at async 
LazyResult.runAsync (E:\pl
aymate\playmate-turf-main\
node_modules\postcss\lib\l
azy-result.js:293:11)
    at async compileCSS (f
ile:///E:/playmate/playmat
e-turf-main/node_modules/v
ite/dist/node/chunks/dep-C
6uTJdX2.js:36898:21)
    at async 
Object.transform (file:///
E:/playmate/playmate-turf-
main/node_modules/vite/dis
t/node/chunks/dep-C6uTJdX2
.js:36171:11)
    at async transform (fi
le:///E:/playmate/playmate
-turf-main/node_modules/ro
llup/dist/es/shared/node-e
ntry.js:19581:16)[39m
