﻿
> vite_react_shadcn_ts@0.0.0 build
> vite build

[36mvite v5.4.19 [32mbuilding for production...[36m[39m
transforming...
node.exe : 
Browserslist: 
browsers data 
(caniuse-lite) is 8 
months old. Please 
run:
At line:1 char:1
+ & "C:\Program Files
\nodejs/node.exe" 
"C:\Program 
Files\nodejs/node_mo 
...
+ ~~~~~~~~~~~~~~~~~~~
~~~~~~~~~~~~~~~~~~~~~
~~~~~~~~~~~~~~~~~~~~~
~~~~~~~~
    + CategoryInfo   
           : NotSpe  
  cified: (Browser   
 slist: b...ld. P    
lease run::Strin    
g) [], RemoteExc    
eption
    + FullyQualified 
   ErrorId : Native  
  CommandError
 
  npx update-browsers
list-db@latest
  Why you should do 
it regularly: https:/
/github.com/browsersl
ist/update-db#readme
[32mΓ£ô[39m 4 modules transformed.
[31mx[39m Build 
failed in 1.30s
[31merror during 
build:
[31m[vite:css] 
[postcss] E:/playmate
/playmate-turf-main/s
rc/index.css:88:5: 
The `hover:shadow-[0_
8px_32px_rgba(34,` 
class does not 
exist. If `hover:shad
ow-[0_8px_32px_rgba(3
4,` is a custom 
class, make sure it 
is defined within a 
`@layer` 
directive.[31m
file: [36mE:/playmat
e/playmate-turf-main/
src/index.css:88:4[3
1m
    at Input.error (E
:\playmate\playmate-t
urf-main\node_modules
\postcss\lib\input.js
:135:16)
    at AtRule.error (
E:\playmate\playmate-
turf-main\node_module
s\postcss\lib\node.js
:146:32)
    at processApply (
E:\playmate\playmate-
turf-main\node_module
s\tailwindcss\lib\lib
\expandApplyAtRules.j
s:380:29)
    at E:\playmate\pl
aymate-turf-main\node
_modules\tailwindcss\
lib\lib\expandApplyAt
Rules.js:551:9
    at E:\playmate\pl
aymate-turf-main\node
_modules\tailwindcss\
lib\processTailwindFe
atures.js:55:50
    at async plugins 
(E:\playmate\playmate
-turf-main\node_modul
es\tailwindcss\lib\pl
ugin.js:38:17)
    at async 
LazyResult.runAsync (
E:\playmate\playmate-
turf-main\node_module
s\postcss\lib\lazy-re
sult.js:293:11)
    at async 
compileCSS (file:///E
:/playmate/playmate-t
urf-main/node_modules
/vite/dist/node/chunk
s/dep-C6uTJdX2.js:368
98:21)
    at async 
Object.transform (fil
e:///E:/playmate/play
mate-turf-main/node_m
odules/vite/dist/node
/chunks/dep-C6uTJdX2.
js:36171:11)
    at async 
transform (file:///E:
/playmate/playmate-tu
rf-main/node_modules/
rollup/dist/es/shared
/node-entry.js:19581:
16)[39m
